// Vitest Snapshot v1, https://vitest.dev/guide/snapshot.html

exports[`analyzeQuery > query analysis works for query = $.foo 1`] = `
{
  "evaluatedExpressions": [],
}
`;

exports[`analyzeQuery > query analysis works for query = $.foo..bings 1`] = `
{
  "evaluatedExpressions": [],
}
`;

exports[`analyzeQuery > query analysis works for query = $.foo<?(@ === "bar")> 1`] = `
{
  "evaluatedExpressions": [],
}
`;

exports[`analyzeQuery > query analysis works for query = $.foo[?(@ > 2)] 1`] = `
{
  "evaluatedExpressions": [],
}
`;

exports[`analyzeQuery > query analysis works for query = $.foo[?(@.id > 0)]..bings 1`] = `
{
  "evaluatedExpressions": [],
}
`;

exports[`analyzeQuery > query analysis works for query = {$.foo.bar} + {$.baz.bop} 1`] = `
{
  "evaluatedExpressions": [
    {
      "expressionKind": "root",
      "path": "$",
    },
    {
      "expressionKind": "childDescent",
      "path": "$",
    },
    {
      "expressionKind": "propertyAccessor",
      "path": "$",
    },
    {
      "expressionKind": "childDescent",
      "path": "$.foo",
    },
    {
      "expressionKind": "propertyAccessor",
      "path": "$.foo",
    },
  ],
}
`;
